[blushedbeautybarfargo.com/index.html]
[backblue.gif]
[fade.gif]
[index.html]
[blushedbeautybarfargo.com/manifest.webmanifest]
[isteam.wsimg.com/ip/02d38def-2c3a-4f74-a760-692184af124b/hayley-kim-design-sRSRuxkOuzI-unsplash-0001.jpg]
[blushedbeautybarfargo.com/sw.js]
[blushedbeautybarfargo.com/about-us.html]
[blushedbeautybarfargo.com/lash-services.html]
[blushedbeautybarfargo.com/facials-&-peels.html]
[blushedbeautybarfargo.com/microblading-&-tattooing.html]
[blushedbeautybarfargo.com/waxing-&-threading-1.html]
[blushedbeautybarfargo.com/makeup-&-tanning.html]
[blushedbeautybarfargo.com/jewelry-&-piercing.html]
[blushedbeautybarfargo.com/the-circle.html]
[blushedbeautybarfargo.com/contact.html]
[blushedbeautybarfargo.com/legal-terms.html]
[blushedbeautybarfargo.com/cancellation-policy.html]
[img1.wsimg.com/poly/v3/polyfill.min75c4.js]
[img1.wsimg.com/blobby/go/02d38def-2c3a-4f74-a760-692184af124b/gpub/c1fc71f9afe92752/script.js]
[img1.wsimg.com/blobby/go/02d38def-2c3a-4f74-a760-692184af124b/gpub/82c5e469a86f8830/script.js]
[img1.wsimg.com/ceph-p3-01/website-builder-data-prod/static/widgets/UX.4.28.2.js]
[img6.wsimg.com/wrhs/362d20193a8fed115f99b16a157b7fc4/tccl.min.js]
[blushedbeautybarfargo.com/index.html]
[img1.wsimg.com/blobby/go/02d38def-2c3a-4f74-a760-692184af124b/gpub/9febc9d131e08673/script.js]
[blushedbeautybarfargo.com/about-us.html]
[img1.wsimg.com/blobby/go/02d38def-2c3a-4f74-a760-692184af124b/gpub/bae87ca41f07955/script.js]
[img1.wsimg.com/blobby/go/02d38def-2c3a-4f74-a760-692184af124b/gpub/6ec7690e9d06bab/script.js]
[blushedbeautybarfargo.com/lash-services.html]
[img1.wsimg.com/blobby/go/02d38def-2c3a-4f74-a760-692184af124b/gpub/b994831e97ac6055/script.js]
[img1.wsimg.com/blobby/go/02d38def-2c3a-4f74-a760-692184af124b/gpub/3d676769e55887f9/script.js]
[img1.wsimg.com/blobby/go/02d38def-2c3a-4f74-a760-692184af124b/gpub/da6e0d858112db68/script.js]
[blushedbeautybarfargo.com/facials-&-peels.html]
[img1.wsimg.com/blobby/go/02d38def-2c3a-4f74-a760-692184af124b/gpub/54b826791d4782d5/script.js]
[blushedbeautybarfargo.com/microblading-&-tattooing.html]
[img1.wsimg.com/blobby/go/02d38def-2c3a-4f74-a760-692184af124b/gpub/df9709fbccfc5f15/script.js]
[img1.wsimg.com/blobby/go/02d38def-2c3a-4f74-a760-692184af124b/gpub/ef3e81a576ba894a/script.js]
[img1.wsimg.com/blobby/go/02d38def-2c3a-4f74-a760-692184af124b/gpub/1db257a59c8cca29/script.js]
[blushedbeautybarfargo.com/waxing-&-threading-1.html]
[img1.wsimg.com/blobby/go/02d38def-2c3a-4f74-a760-692184af124b/gpub/bce0a8ce21f81f41/script.js]
[img1.wsimg.com/blobby/go/02d38def-2c3a-4f74-a760-692184af124b/gpub/fa704ac1e51a5392/script.js]
[blushedbeautybarfargo.com/makeup-&-tanning.html]
[img1.wsimg.com/blobby/go/02d38def-2c3a-4f74-a760-692184af124b/gpub/a021d37f04010239/script.js]
[img1.wsimg.com/blobby/go/02d38def-2c3a-4f74-a760-692184af124b/gpub/159b94d9420fd6b5/script.js]
[blushedbeautybarfargo.com/jewelry-&-piercing.html]
[img1.wsimg.com/blobby/go/02d38def-2c3a-4f74-a760-692184af124b/gpub/9092b3783e49f00c/script.js]
[blushedbeautybarfargo.com/the-circle.html]
[img1.wsimg.com/blobby/go/02d38def-2c3a-4f74-a760-692184af124b/gpub/8c6f7595f3a60886/script.js]
[img1.wsimg.com/blobby/go/02d38def-2c3a-4f74-a760-692184af124b/gpub/5e1a887f59be4a85/script.js]
[blushedbeautybarfargo.com/contact.html]
[blushedbeautybarfargo.com/_https_/img1.wsimg.com/isteam/ip/02d38def-2c3a-4f74-a760-692184af124b/bbb-welcome-statement.png_/__/div_.html]
[blushedbeautybarfargo.com/_https_/www.blushedbeautybarfargo.com/about-us_.html]
[blushedbeautybarfargo.com/_https_/img1.wsimg.com/isteam/ip/02d38def-2c3a-4f74-a760-692184af124b/bbb-become-a-blushed-babe.png_/_.html]
[blushedbeautybarfargo.com/_https_/www.vagaro.com/blushedbeautybar/book-now_.html]
[blushedbeautybarfargo.com/_https_/img1.wsimg.com/isteam/ip/02d38def-2c3a-4f74-a760-692184af124b/bbb-welcome-statement-02.png_/__/div_.html]
[blushedbeautybarfargo.com/_https_/img1.wsimg.com/isteam/ip/02d38def-2c3a-4f74-a760-692184af124b/bbb_-icon-eyelashes.png_/_.html]
[blushedbeautybarfargo.com/_https_/www.blushedbeautybarfargo.com/lash-services_.html]
[blushedbeautybarfargo.com/_https_/img1.wsimg.com/isteam/ip/02d38def-2c3a-4f74-a760-692184af124b/bbb_-icon-facial.png_/_.html]
[blushedbeautybarfargo.com/_https_/www.blushedbeautybarfargo.com/facials-peels_.html]
[blushedbeautybarfargo.com/_https_/img1.wsimg.com/isteam/ip/02d38def-2c3a-4f74-a760-692184af124b/bbb_-icon-microblading.png_/_.html]
[blushedbeautybarfargo.com/_https_/www.blushedbeautybarfargo.com/microblading-&-tattooing_.html]
[blushedbeautybarfargo.com/_https_/img1.wsimg.com/isteam/ip/02d38def-2c3a-4f74-a760-692184af124b/bbb-stars-become-a-blushed-babe-02.png_/__/div_.html]
[blushedbeautybarfargo.com/_https_/www.blushedbeautybarfargo.html]
[blushedbeautybarfargo.com/_https_/img1.wsimg.com/isteam/ip/02d38def-2c3a-4f74-a760-692184af124b/blushed-altlogo-splash.html]
[blushedbeautybarfargo.com/_https_/www.instagram.com/blushedbeautybar.fargo/_.html]
[blushedbeautybarfargo.com/_https_/img1.wsimg.com/isteam/ip/02d38def-2c3a-4f74-a760-692184af124b/blushed-social-icon_ig.png___/a__/div_.html]
[blushedbeautybarfargo.com/_https_/www.facebook.com/blushedbeautybarfargo_class=_imagelink_.html]
[blushedbeautybarfargo.com/_https_/img1.wsimg.com/isteam/ip/02d38def-2c3a-4f74-a760-692184af124b/blushed-social-icon_fb.png___/a__/div_.html]
[blushedbeautybarfargo.com/_https_/www.blushedbeautybarfargo.com/contact_.html]
[blushedbeautybarfargo.com/_https_/img1.wsimg.com/isteam/ip/02d38def-2c3a-4f74-a760-692184af124b/blushed-social-icon_contact.png___/a__/div_.html]
[blushedbeautybarfargo.com/_https_/img1.wsimg.com/isteam/ip/02d38def-2c3a-4f74-a760-692184af124b/bbb-location-mauve-2.html]
[blushedbeautybarfargo.com/_https_/img1.wsimg.com/isteam/ip/02d38def-2c3a-4f74-a760-692184af124b/bbb-phone-mauve-01.html]
[blushedbeautybarfargo.com/_https_/img1.wsimg.com/isteam/ip/02d38def-2c3a-4f74-a760-692184af124b/bbb-apply-two-tone-2.html]
[blushedbeautybarfargo.com/_https_/www.blushedbeautybarfargo.com/the-circle_.html]
[blushedbeautybarfargo.com/_https_/www.blushedbeautybarfargo.com/facials-&-peels_.html]
[blushedbeautybarfargo.com/_https_/blushedbeautybarfargo.com/microblading-&-tattooing_.html]
[blushedbeautybarfargo.com/_https_/www.blushedbeautybarfargo.com/waxing-&-threading_.html]
[blushedbeautybarfargo.com/_https_/www.blushedbeautybarfargo.com/makeup-&-tanning_.html]
[blushedbeautybarfargo.com/_https_/www.blushedbeautybarfargo.com/jewelry-&-piercing_.html]
[img1.wsimg.com/blobby/go/02d38def-2c3a-4f74-a760-692184af124b/gpub/25525356fe598582/script.js]
[img1.wsimg.com/blobby/go/02d38def-2c3a-4f74-a760-692184af124b/gpub/ff143fb5df9e9057/script.js]
[blushedbeautybarfargo.com/legal-terms.html]
[img1.wsimg.com/blobby/go/02d38def-2c3a-4f74-a760-692184af124b/gpub/21408e2be912d787/script.js]
[img1.wsimg.com/blobby/go/02d38def-2c3a-4f74-a760-692184af124b/gpub/912bbdde6f6b8e2b/script.js]
[img1.wsimg.com/blobby/go/02d38def-2c3a-4f74-a760-692184af124b/gpub/91d3728358f45ab5/script.js]
[blushedbeautybarfargo.com/cancellation-policy.html]
[blushedbeautybarfargo.com/_https_/img1.wsimg.com/isteam/ip/02d38def-2c3a-4f74-a760-692184af124b/BBB-Trista-About-Page-0001.png_/__/div_.html]
[blushedbeautybarfargo.com/_www.blushedbeautybarfargo.com/the-circle__The.html]
[blushedbeautybarfargo.com/_https_/img1.wsimg.com/isteam/ip/02d38def-2c3a-4f74-a760-692184af124b/blushed-beauty-bar-studio-spa-0001.png_/__/div_.html]
[blushedbeautybarfargo.com/_https_/img1.wsimg.com/isteam/ip/02d38def-2c3a-4f74-a760-692184af124b/become-a-blushed-babe-bw.png_/_.html]
[blushedbeautybarfargo.com/_https_/img1.wsimg.com/isteam/ip/02d38def-2c3a-4f74-a760-692184af124b/blushed-beauty-bar-classic-lash-04.html]
[blushedbeautybarfargo.com/_https_/img1.wsimg.com/isteam/ip/02d38def-2c3a-4f74-a760-692184af124b/blushed-beauty-bar-hybrid-lash-08.html]
[blushedbeautybarfargo.com/_https_/img1.wsimg.com/isteam/ip/02d38def-2c3a-4f74-a760-692184af124b/blushed-beauty-bar-volume-lash-13.html]
[blushedbeautybarfargo.com/_https_/img1.wsimg.com/isteam/ip/02d38def-2c3a-4f74-a760-692184af124b/blushed-beauty-bar-lash-lift-and-tint-01-0001.html]
[blushedbeautybarfargo.com/_https_/img1.wsimg.com/isteam/ip/02d38def-2c3a-4f74-a760-692184af124b/blushed-beauty-bar-lash-lift-01-0001.html]
[blushedbeautybarfargo.com/_https_/img1.wsimg.com/isteam/ip/02d38def-2c3a-4f74-a760-692184af124b/blushed-beauty-bar-lash-lift-and-tint-0001.html]
[blushedbeautybarfargo.com/_https_/img1.wsimg.com/isteam/ip/02d38def-2c3a-4f74-a760-692184af124b/blushed-beauty-bar-volume-lash-01.jpg_/_.html]
[blushedbeautybarfargo.com/_https_/img1.wsimg.com/isteam/ip/02d38def-2c3a-4f74-a760-692184af124b/blushed-beauty-bar-eyelash-extensions-03.jpg_/_.html]
[blushedbeautybarfargo.com/_https_/img1.wsimg.com/isteam/ip/02d38def-2c3a-4f74-a760-692184af124b/blushed-beauty-bar-hybrid-lash-07.jpg_/_.html]
[blushedbeautybarfargo.com/_https_/img1.wsimg.com/isteam/ip/02d38def-2c3a-4f74-a760-692184af124b/blushed-beauty-bar-hydrojelly-mask-0001.html]
[blushedbeautybarfargo.com/_https_/img1.wsimg.com/isteam/ip/02d38def-2c3a-4f74-a760-692184af124b/raphael-lovaski-Pe9IXUuC6QU-unsplash-0001.html]
[blushedbeautybarfargo.com/_https_/img1.wsimg.com/isteam/ip/02d38def-2c3a-4f74-a760-692184af124b/blushed-beauty-bar-facial-0001.html]
[blushedbeautybarfargo.com/_https_/img1.wsimg.com/isteam/ip/02d38def-2c3a-4f74-a760-692184af124b/blushed-beauty-bar-facial-dermaplane.html]
[blushedbeautybarfargo.com/_https_/img1.wsimg.com/isteam/ip/02d38def-2c3a-4f74-a760-692184af124b/blushed-beauty-bar-jessner-chemical-peel.html]
[blushedbeautybarfargo.com/_https_/img1.wsimg.com/isteam/ip/02d38def-2c3a-4f74-a760-692184af124b/silkpeel-dermalinfusion-0003.html]
[blushedbeautybarfargo.com/_https_/img1.wsimg.com/isteam/ip/02d38def-2c3a-4f74-a760-692184af124b/blushed-beauty-bar-gua-sha-facial.html]
[blushedbeautybarfargo.com/_https_/img1.wsimg.com/isteam/ip/02d38def-2c3a-4f74-a760-692184af124b/blushed-beauty-bar-procell-microchanneling.html]
[blushedbeautybarfargo.com/_https_/img1.wsimg.com/isteam/ip/02d38def-2c3a-4f74-a760-692184af124b/blushed-beauty-bar-hydrojelly-mask-04.jpg_/_.html]
[blushedbeautybarfargo.com/_https_/img1.wsimg.com/isteam/ip/02d38def-2c3a-4f74-a760-692184af124b/blushed-beauty-bar-hydrojelly-mask-2.jpg_/_.html]
[blushedbeautybarfargo.com/_https_/img1.wsimg.com/isteam/ip/02d38def-2c3a-4f74-a760-692184af124b/blushed-beauty-bar-hydrojelly-mask-05.jpg_/_.html]
[blushedbeautybarfargo.com/_https_/img1.wsimg.com/isteam/ip/02d38def-2c3a-4f74-a760-692184af124b/blushed-beauty-bar-microblading-eyebrow-06-0001.html]
[blushedbeautybarfargo.com/_https_/img1.wsimg.com/isteam/ip/02d38def-2c3a-4f74-a760-692184af124b/blushed-beauty-bar-microblading-eyeliner-02.html]
[blushedbeautybarfargo.com/_https_/img1.wsimg.com/isteam/ip/02d38def-2c3a-4f74-a760-692184af124b/blushed-beauty-bar-microblading-lip-blushing01.html]
[blushedbeautybarfargo.com/_https_/img1.wsimg.com/isteam/ip/02d38def-2c3a-4f74-a760-692184af124b/blushed-beauty-bar-scalp-micropigmentation.html]
[blushedbeautybarfargo.com/_https_/img1.wsimg.com/isteam/ip/02d38def-2c3a-4f74-a760-692184af124b/blushed-beauty-bar-medical-tattooing-ar/rs=w_1300,h_800_.54.del]
[blushedbeautybarfargo.com/_https_/img1.wsimg.com/isteam/ip/02d38def-2c3a-4f74-a760-692184af124b/blushed-beauty-bar-microblading-eyebrow-02-0001.jpg_/_.html]
[blushedbeautybarfargo.com/_https_/img1.wsimg.com/isteam/ip/02d38def-2c3a-4f74-a760-692184af124b/blushed-beauty-bar-microblading-eyebrow-10.jpg_/_.html]
[blushedbeautybarfargo.com/_https_/img1.wsimg.com/isteam/ip/02d38def-2c3a-4f74-a760-692184af124b/blushed-beauty-bar-microblading-eyebrow-09.jpg_/_.html]
[blushedbeautybarfargo.com/_https_/img1.wsimg.com/isteam/ip/02d38def-2c3a-4f74-a760-692184af124b/blushed-beauty-bar-eyebrow-shaping-waxing-0001.html]
[blushedbeautybarfargo.com/_https_/img1.wsimg.com/isteam/ip/02d38def-2c3a-4f74-a760-692184af124b/blushed-beauty-bar-volume-lash-brow-threading-.html]
[blushedbeautybarfargo.com/_https_/img1.wsimg.com/isteam/ip/02d38def-2c3a-4f74-a760-692184af124b/blushed-beauty-bar-eyebrow-shaping-waxing-02.jpeg_/_.html]
[blushedbeautybarfargo.com/_https_/img1.wsimg.com/isteam/ip/02d38def-2c3a-4f74-a760-692184af124b/blushed-beauty-bar-eyebrow-shaping-and-tint-01.jpg_/_.html]
[blushedbeautybarfargo.com/_https_/img1.wsimg.com/isteam/ip/02d38def-2c3a-4f74-a760-692184af124b/blushed-beauty-bar-eyebrow-threading-02.jpg_/_.html]
[blushedbeautybarfargo.com/_https_/img1.wsimg.com/isteam/ip/02d38def-2c3a-4f74-a760-692184af124b/blushed-beauty-bar-makeup-application-05.html]
[blushedbeautybarfargo.com/_https_/img1.wsimg.com/isteam/ip/02d38def-2c3a-4f74-a760-692184af124b/blushed-beauty-bar-prom-makeup-02.html]
[blushedbeautybarfargo.com/_https_/img1.wsimg.com/isteam/ip/02d38def-2c3a-4f74-a760-692184af124b/blushed-beauty-bar-airbrush-spray-tanning.html]
[blushedbeautybarfargo.com/_https_/img1.wsimg.com/isteam/ip/02d38def-2c3a-4f74-a760-692184af124b/blushed-beauty-bar-airbrush-makeup-06.jpg_/_.html]
[blushedbeautybarfargo.com/_https_/img1.wsimg.com/isteam/ip/02d38def-2c3a-4f74-a760-692184af124b/blushed-beauty-bar-airbrush-makeup-07.jpg_/_.html]
[blushedbeautybarfargo.com/_https_/img1.wsimg.com/isteam/ip/02d38def-2c3a-4f74-a760-692184af124b/blushed-beauty-bar-airbrush-makeup-03.jpg_/_.html]
[blushedbeautybarfargo.com/_https_/img1.wsimg.com/isteam/ip/02d38def-2c3a-4f74-a760-692184af124b/312370053_545749790886670_746016576368709306_n.html]
[blushedbeautybarfargo.com/_https_/img1.wsimg.com/isteam/ip/02d38def-2c3a-4f74-a760-692184af124b/blushed-beauty-bar-ear-piercing.html]
